// Jest Snapshot v1, https://goo.gl/fbAQLP

exports[`WorkoutScreen should match snapshot 1`] = `undefined`;
